2026-05-13 11:46:39 WARN  edu.ntnu.idi.idatt.millions.filehandler.CsvStockReader - Skipping line 4 in '/Users/oskarhellum-reppen/Documents/1. semester NTNU/PNS/test/test.csv': expected 3 fields but found 1 — "NVDA.Nvidia.191.27"
2026-05-13 11:46:39 WARN  edu.ntnu.idi.idatt.millions.filehandler.CsvStockReader - Skipping line 5 in '/Users/oskarhellum-reppen/Documents/1. semester NTNU/PNS/test/test.csv': expected 3 fields but found 1 — "AAPL.Apple Inc..276.43"
2026-05-13 11:46:39 WARN  edu.ntnu.idi.idatt.millions.filehandler.CsvStockReader - Skipping line 6 in '/Users/oskarhellum-reppen/Documents/1. semester NTNU/PNS/test/test.csv': expected 3 fields but found 1 — "MSFT.Microsoft.404.68"
2026-05-13 11:46:39 WARN  edu.ntnu.idi.idatt.millions.filehandler.CsvStockReader - Skipping line 7 in '/Users/oskarhellum-reppen/Documents/1. semester NTNU/PNS/test/test.csv': expected 3 fields but found 1 — "AMZN.Amazon.204.62"
2026-05-13 11:46:39 WARN  edu.ntnu.idi.idatt.millions.filehandler.CsvStockReader - Skipping line 8 in '/Users/oskarhellum-reppen/Documents/1. semester NTNU/PNS/test/test.csv': expected 3 fields but found 1 — "GOOGL.Alphabet Inc. (Class A).311.20"
2026-05-13 11:46:39 WARN  edu.ntnu.idi.idatt.millions.filehandler.CsvStockReader - Skipping line 9 in '/Users/oskarhellum-reppen/Documents/1. semester NTNU/PNS/test/test.csv': expected 3 fields but found 1 — "GOOG.Alphabet Inc. (Class C).311.62"
2026-05-13 11:46:39 WARN  edu.ntnu.idi.idatt.millions.filehandler.CsvStockReader - Skipping line 10 in '/Users/oskarhellum-reppen/Documents/1. semester NTNU/PNS/test/test.csv': expected 3 fields but found 1 — "META.Meta Platforms.669.41"
2026-05-13 11:46:39 WARN  edu.ntnu.idi.idatt.millions.filehandler.CsvStockReader - Skipping line 11 in '/Users/oskarhellum-reppen/Documents/1. semester NTNU/PNS/test/test.csv': expected 3 fields but found 1 — "AVGO.Broadcom.343.35"
2026-05-13 11:46:39 WARN  edu.ntnu.idi.idatt.millions.filehandler.CsvStockReader - Skipping line 505 in '/Users/oskarhellum-reppen/Documents/1. semester NTNU/PNS/test/test.csv': expected 3 fields but found 2 — "MOH,Molina Healthcare.122.46"
2026-05-13 11:46:39 WARN  edu.ntnu.idi.idatt.millions.filehandler.CsvStockReader - Skipping line 506 in '/Users/oskarhellum-reppen/Documents/1. semester NTNU/PNS/test/test.csv': expected 3 fields but found 1 — "NWS.News Corp (Class B).26.91"
2026-05-13 11:47:06 WARN  edu.ntnu.idi.idatt.millions.filehandler.CsvStockReader - Skipping line 4 in '/Users/oskarhellum-reppen/Documents/1. semester NTNU/PNS/test/test.csv': expected 3 fields but found 1 — "NVDA.Nvidia.191.27"
2026-05-13 11:47:06 WARN  edu.ntnu.idi.idatt.millions.filehandler.CsvStockReader - Skipping line 5 in '/Users/oskarhellum-reppen/Documents/1. semester NTNU/PNS/test/test.csv': expected 3 fields but found 1 — "AAPL.Apple Inc..276.43"
2026-05-13 11:47:06 WARN  edu.ntnu.idi.idatt.millions.filehandler.CsvStockReader - Skipping line 6 in '/Users/oskarhellum-reppen/Documents/1. semester NTNU/PNS/test/test.csv': expected 3 fields but found 1 — "MSFT.Microsoft.404.68"
2026-05-13 11:47:06 WARN  edu.ntnu.idi.idatt.millions.filehandler.CsvStockReader - Skipping line 7 in '/Users/oskarhellum-reppen/Documents/1. semester NTNU/PNS/test/test.csv': expected 3 fields but found 1 — "AMZN.Amazon.204.62"
2026-05-13 11:47:06 WARN  edu.ntnu.idi.idatt.millions.filehandler.CsvStockReader - Skipping line 8 in '/Users/oskarhellum-reppen/Documents/1. semester NTNU/PNS/test/test.csv': expected 3 fields but found 1 — "GOOGL.Alphabet Inc. (Class A).311.20"
2026-05-13 11:47:06 WARN  edu.ntnu.idi.idatt.millions.filehandler.CsvStockReader - Skipping line 9 in '/Users/oskarhellum-reppen/Documents/1. semester NTNU/PNS/test/test.csv': expected 3 fields but found 1 — "GOOG.Alphabet Inc. (Class C).311.62"
2026-05-13 11:47:06 WARN  edu.ntnu.idi.idatt.millions.filehandler.CsvStockReader - Skipping line 10 in '/Users/oskarhellum-reppen/Documents/1. semester NTNU/PNS/test/test.csv': expected 3 fields but found 1 — "META.Meta Platforms.669.41"
2026-05-13 11:47:06 WARN  edu.ntnu.idi.idatt.millions.filehandler.CsvStockReader - Skipping line 11 in '/Users/oskarhellum-reppen/Documents/1. semester NTNU/PNS/test/test.csv': expected 3 fields but found 1 — "AVGO.Broadcom.343.35"
2026-05-13 11:47:06 WARN  edu.ntnu.idi.idatt.millions.filehandler.CsvStockReader - Skipping line 505 in '/Users/oskarhellum-reppen/Documents/1. semester NTNU/PNS/test/test.csv': expected 3 fields but found 2 — "MOH,Molina Healthcare.122.46"
2026-05-13 11:47:06 WARN  edu.ntnu.idi.idatt.millions.filehandler.CsvStockReader - Skipping line 506 in '/Users/oskarhellum-reppen/Documents/1. semester NTNU/PNS/test/test.csv': expected 3 fields but found 1 — "NWS.News Corp (Class B).26.91"
2026-05-13 11:56:42 WARN  edu.ntnu.idi.idatt.millions.filehandler.CsvStockReader - Skipping line 4 in '/Users/oskarhellum-reppen/Documents/1. semester NTNU/PNS/test/test.csv': expected 3 fields but found 1 — "NVDA.Nvidia.191.27"
2026-05-13 11:56:42 WARN  edu.ntnu.idi.idatt.millions.filehandler.CsvStockReader - Skipping line 5 in '/Users/oskarhellum-reppen/Documents/1. semester NTNU/PNS/test/test.csv': expected 3 fields but found 1 — "AAPL.Apple Inc..276.43"
2026-05-13 11:56:42 WARN  edu.ntnu.idi.idatt.millions.filehandler.CsvStockReader - Skipping line 6 in '/Users/oskarhellum-reppen/Documents/1. semester NTNU/PNS/test/test.csv': expected 3 fields but found 1 — "MSFT.Microsoft.404.68"
2026-05-13 11:56:42 WARN  edu.ntnu.idi.idatt.millions.filehandler.CsvStockReader - Skipping line 7 in '/Users/oskarhellum-reppen/Documents/1. semester NTNU/PNS/test/test.csv': expected 3 fields but found 1 — "AMZN.Amazon.204.62"
2026-05-13 11:56:42 WARN  edu.ntnu.idi.idatt.millions.filehandler.CsvStockReader - Skipping line 8 in '/Users/oskarhellum-reppen/Documents/1. semester NTNU/PNS/test/test.csv': expected 3 fields but found 1 — "GOOGL.Alphabet Inc. (Class A).311.20"
2026-05-13 11:56:42 WARN  edu.ntnu.idi.idatt.millions.filehandler.CsvStockReader - Skipping line 9 in '/Users/oskarhellum-reppen/Documents/1. semester NTNU/PNS/test/test.csv': expected 3 fields but found 1 — "GOOG.Alphabet Inc. (Class C).311.62"
2026-05-13 11:56:42 WARN  edu.ntnu.idi.idatt.millions.filehandler.CsvStockReader - Skipping line 10 in '/Users/oskarhellum-reppen/Documents/1. semester NTNU/PNS/test/test.csv': expected 3 fields but found 1 — "META.Meta Platforms.669.41"
2026-05-13 11:56:42 WARN  edu.ntnu.idi.idatt.millions.filehandler.CsvStockReader - Skipping line 11 in '/Users/oskarhellum-reppen/Documents/1. semester NTNU/PNS/test/test.csv': expected 3 fields but found 1 — "AVGO.Broadcom.343.35"
2026-05-13 11:56:42 WARN  edu.ntnu.idi.idatt.millions.filehandler.CsvStockReader - Skipping line 505 in '/Users/oskarhellum-reppen/Documents/1. semester NTNU/PNS/test/test.csv': expected 3 fields but found 2 — "MOH,Molina Healthcare.122.46"
2026-05-13 11:56:42 WARN  edu.ntnu.idi.idatt.millions.filehandler.CsvStockReader - Skipping line 506 in '/Users/oskarhellum-reppen/Documents/1. semester NTNU/PNS/test/test.csv': expected 3 fields but found 1 — "NWS.News Corp (Class B).26.91"
2026-05-14 11:32:14 WARN  edu.ntnu.idi.idatt.millions.filehandler.CsvStockReader - Skipping line 1 in '/var/folders/dp/5r534chd4w5b7rd6chx7wgzm0000gn/T/junit-4347432967691380720/stocks.csv': symbol is blank
2026-05-14 11:32:14 WARN  edu.ntnu.idi.idatt.millions.filehandler.CsvStockReader - Skipping line 1 in '/var/folders/dp/5r534chd4w5b7rd6chx7wgzm0000gn/T/junit-12164392019254980377/stocks.csv': price must be positive, got -50.00
2026-05-14 11:32:14 WARN  edu.ntnu.idi.idatt.millions.filehandler.CsvStockReader - Skipping line 1 in '/var/folders/dp/5r534chd4w5b7rd6chx7wgzm0000gn/T/junit-13741546277200290721/stocks.csv': invalid price value 'not-a-number'
2026-05-14 11:32:14 WARN  edu.ntnu.idi.idatt.millions.filehandler.CsvStockReader - Skipping line 1 in '/var/folders/dp/5r534chd4w5b7rd6chx7wgzm0000gn/T/junit-314581918734330704/stocks.csv': price must be positive, got 0
2026-05-14 11:32:14 WARN  edu.ntnu.idi.idatt.millions.filehandler.CsvStockReader - Skipping line 1 in '/var/folders/dp/5r534chd4w5b7rd6chx7wgzm0000gn/T/junit-10090345694869286354/stocks.csv': expected 3 fields but found 2 — "AAPL,Apple Inc."
